--------------------------------------------------------------------------------------
Timing Analyzer Summary
--------------------------------------------------------------------------------------

Type           : Worst-case tsu
Slack          : N/A
Required Time  : None
Actual Time    : 5.016 ns
From           : DATA
To             : dlatch_behavioural:inst|Q
From Clock     : --
To Clock       : EN
Failed Paths   : 0

Type           : Worst-case tco
Slack          : N/A
Required Time  : None
Actual Time    : 5.838 ns
From           : dlatch_behavioural:inst|Q
To             : Y
From Clock     : EN
To Clock       : --
Failed Paths   : 0

Type           : Worst-case th
Slack          : N/A
Required Time  : None
Actual Time    : -4.225 ns
From           : DATA
To             : dlatch_behavioural:inst|Q
From Clock     : --
To Clock       : EN
Failed Paths   : 0

Type           : Total number of failed paths
Slack          : 
Required Time  : 
Actual Time    : 
From           : 
To             : 
From Clock     : 
To Clock       : 
Failed Paths   : 0

--------------------------------------------------------------------------------------

